// Jest Snapshot v1, https://goo.gl/fbAQLP

exports[`renders correctly 1`] = `
<View
  accessible={true}
  collapsable={false}
  focusable={true}
  onClick={[Function]}
  onResponderGrant={[Function]}
  onResponderMove={[Function]}
  onResponderRelease={[Function]}
  onResponderTerminate={[Function]}
  onResponderTerminationRequest={[Function]}
  onStartShouldSetResponder={[Function]}
  style={
    Object {
      "alignItems": "center",
      "alignSelf": "center",
      "backgroundColor": "#088ab9",
      "borderRadius": 10,
      "height": 48,
      "justifyContent": "center",
      "marginBottom": 0,
      "opacity": 1,
      "width": "100%",
    }
  }
>
  <Text
    style={
      Object {
        "color": "#fff",
        "fontSize": 20,
        "fontWeight": "bold",
      }
    }
  >
    Test button
  </Text>
</View>
`;
